******************************************************************************
                  TI ARM Linker PC v20.2.7                     
******************************************************************************
>> Linked Sun Nov 16 18:59:00 2025

OUTPUT FILE NAME:   <test.out>
ENTRY POINT SYMBOL: "_c_int00"  address: 0000cbb0


MEMORY CONFIGURATION

         name            origin    length      used     unused   attr    fill
----------------------  --------  ---------  --------  --------  ----  --------
  VECTORS               00000000   00000020  00000020  00000000     X
  KERNEL                00000020   00008000  00003810  000047f0  R  X
  FLASH0                00008020   001f7fe0  00005180  001f2e60  R  X
  FLASH1                00200000   00200000  00000000  00200000  R  X
  STACKS                08000000   00000800  00000000  00000800  RW  
  KRAM                  08000800   00000800  00000104  000006fc  RW  
  RAM                   08001000   0007f000  00002020  0007cfe0  RW  


SEGMENT ALLOCATION MAP

run origin  load origin   length   init length attrs members
----------  ----------- ---------- ----------- ----- -------
00000000    00000000    00003830   00003830    r-x
  00000000    00000000    00000020   00000020    r-x .intvecs
  00000020    00000020    000037c0   000037c0    r-x .kernelTEXT
  000037e0    000037e0    00000050   00000050    r-- .cinit
00008020    00008020    00004f34   00004f34    r-x
  00008020    00008020    00004f34   00004f34    r-x .text
0000cf60    0000cf60    0000024c   0000024c    r--
  0000cf60    0000cf60    0000024c   0000024c    r-- .const
08000800    08000800    00000104   00000000    rw-
  08000800    08000800    00000104   00000000    rw- .kernelBSS
08001000    08001000    00002020   00000000    rw-
  08001000    08001000    00002000   00000000    rw- .kernelHEAP
  08003000    08003000    00000018   00000000    rw- .data
  08003018    08003018    00000008   00000000    rw- .bss


SECTION ALLOCATION MAP

 output                                  attributes/
section   page    origin      length       input sections
--------  ----  ----------  ----------   ----------------
.intvecs   0    00000000    00000020     
                  00000000    00000020     HL_sys_intvecs.obj (.intvecs)

.kernelTEXT 
*          0    00000020    000037c0     
                  00000020    00002bb8     os_tasks.obj (.kernelTEXT)
                  00002bd8    000004b0     os_portasm.obj (.kernelTEXT)
                  00003088    000003dc     os_port.obj (.kernelTEXT)
                  00003464    0000037c     os_heap.obj (.kernelTEXT)

.cinit     0    000037e0    00000050     
                  000037e0    0000000c     (__TI_handler_table)
                  000037ec    0000000b     (.cinit..data.load) [load image, compression = lzss]
                  000037f7    00000009     (.cinit..kernelBSS.load) [load image, compression = lzss]
                  00003800    00000008     (.cinit..bss.load) [load image, compression = zero_init]
                  00003808    00000008     (.cinit..kernelHEAP.load) [load image, compression = zero_init]
                  00003810    00000020     (__TI_cinit_table)

.text      0    00008020    00004f34     
                  00008020    000009c0     HL_pinmux.obj (.text)
                  000089e0    00000998     HL_system.obj (.text)
                  00009378    0000093c     HL_sys_vim.obj (.text)
                  00009cb4    000007e4     fw_dio.obj (.text)
                  0000a498    0000078c     HL_esm.obj (.text)
                  0000ac24    00000664     HL_errata_SSWF021_45.obj (.text)
                  0000b288    00000484     HL_gio.obj (.text)
                  0000b70c    000003c4     HL_sys_core.obj (.text)
                  0000bad0    0000036c     HL_sys_mpu.obj (.text)
                  0000be3c    0000033c     HL_sys_vim.obj (.text:retain)
                  0000c178    00000278     os_heap.obj (.text)
                  0000c3f0    00000238     os_list.obj (.text)
                  0000c628    00000180     rtsv7R4_A_be_v3D16_eabi.lib : memcpy32.asm.obj (.text)
                  0000c7a8    00000178     HL_esm.obj (.text:retain)
                  0000c920    00000158     os_tasks.obj (.text)
                  0000ca78    00000138     os_port.obj (.text)
                  0000cbb0    000000d8     HL_sys_startup.obj (.text:retain)
                  0000cc88    000000b0     rtsv7R4_A_be_v3D16_eabi.lib : memset32.asm.obj (.text)
                  0000cd38    00000090                                 : copy_decompress_lzss.c.obj (.text:decompress:lzss:__TI_decompress_lzss)
                  0000cdc8    00000074     HL_notification.obj (.text)
                  0000ce3c    00000068     rtsv7R4_A_be_v3D16_eabi.lib : autoinit.c.obj (.text:__TI_auto_init_nobinit_nopinit:__TI_auto_init_nobinit_nopinit)
                  0000cea4    0000005c     main.obj (.text)
                  0000cf00    00000020     rtsv7R4_A_be_v3D16_eabi.lib : strlen.c.obj (.text:strlen)
                  0000cf20    00000014                                 : copy_decompress_none.c.obj (.text:decompress:none:__TI_decompress_none)
                  0000cf34    00000010                                 : copy_zero_init.c.obj (.text:decompress:ZI:__TI_zero_init)
                  0000cf44    00000008                                 : exit.c.obj (.text:abort:abort)
                  0000cf4c    00000004     HL_sys_startup.obj (.text)
                  0000cf50    00000004     HL_sys_phantom.obj (.text:retain)

.const     0    0000cf60    0000024c     
                  0000cf60    00000200     HL_sys_vim.obj (.const:s_vim_init)
                  0000d160    0000004c     fw_dio.obj (.const:dio_output_pin_defs)

.kernelBSS 
*          0    08000800    00000104     UNINITIALIZED
                  08000800    000000d0     os_tasks.obj (.kernelBSS:uninit)
                  080008d0    00000034     os_tasks.obj (.kernelBSS:init)

.kernelHEAP 
*          0    08001000    00002000     UNINITIALIZED
                  08001000    00002000     os_heap.obj (.kernelHEAP)

.data      0    08003000    00000018     UNINITIALIZED
                  08003000    00000010     os_heap.obj (.data)
                  08003010    00000008     os_port.obj (.data)

.bss       0    08003018    00000008     UNINITIALIZED
                  08003018    00000008     os_heap.obj (.bss:xStart)

__llvm_prf_cnts 
*          0    08001000    00000000     UNINITIALIZED

MODULE SUMMARY

       Module                       code    ro data   rw data
       ------                       ----    -------   -------
    .\
       main.obj                     92      0         0      
    +--+----------------------------+-------+---------+---------+
       Total:                       92      0         0      
                                                             
    .\components\fw_dio\
       fw_dio.obj                   2020    76        0      
    +--+----------------------------+-------+---------+---------+
       Total:                       2020    76        0      
                                                             
    .\source\
       os_tasks.obj                 11536   0         260    
       os_heap.obj                  1524    0         8216   
       HL_sys_vim.obj               3192    512       0      
       HL_pinmux.obj                2496    0         0      
       HL_system.obj                2456    0         0      
       HL_esm.obj                   2308    0         0      
       HL_errata_SSWF021_45.obj     1636    0         0      
       os_port.obj                  1300    0         8      
       os_portasm.obj               1200    0         0      
       HL_gio.obj                   1156    0         0      
       HL_sys_core.obj              964     0         0      
       HL_sys_mpu.obj               876     0         0      
       os_list.obj                  568     0         0      
       HL_sys_startup.obj           220     0         0      
       HL_notification.obj          116     0         0      
       HL_sys_intvecs.obj           32      0         0      
       HL_sys_phantom.obj           4       0         0      
    +--+----------------------------+-------+---------+---------+
       Total:                       31584   512       8484   
                                                             
    C:\ti\ccs1281\ccs\tools\compiler\ti-cgt-arm_20.2.7.LTS\lib\rtsv7R4_A_be_v3D16_eabi.lib
       memcpy32.asm.obj             384     0         0      
       memset32.asm.obj             176     0         0      
       copy_decompress_lzss.c.obj   144     0         0      
       autoinit.c.obj               104     0         0      
       strlen.c.obj                 32      0         0      
       copy_decompress_none.c.obj   20      0         0      
       copy_zero_init.c.obj         16      0         0      
       exit.c.obj                   8       0         0      
    +--+----------------------------+-------+---------+---------+
       Total:                       884     0         0      
                                                             
       Linker Generated:            0       80        0      
    +--+----------------------------+-------+---------+---------+
       Grand Total:                 34580   668       8484   


LINKER GENERATED COPY TABLES

__TI_cinit_table @ 00003810 records: 4, size/record: 8, table size: 32
	.data: load addr=000037ec, load size=0000000b bytes, run addr=08003000, run size=00000018 bytes, compression=lzss
	.kernelBSS: load addr=000037f7, load size=00000009 bytes, run addr=08000800, run size=00000104 bytes, compression=lzss
	.bss: load addr=00003800, load size=00000008 bytes, run addr=08003018, run size=00000008 bytes, compression=zero_init
	.kernelHEAP: load addr=00003808, load size=00000008 bytes, run addr=08001000, run size=00002000 bytes, compression=zero_init


LINKER GENERATED HANDLER TABLE

__TI_handler_table @ 000037e0 records: 3, size/record: 4, table size: 12
	index: 0, handler: __TI_decompress_lzss
	index: 1, handler: __TI_decompress_none
	index: 2, handler: __TI_zero_init


GLOBAL SYMBOLS: SORTED ALPHABETICALLY BY Name 

address   name                                
-------   ----                                
0000cf44  C$$EXIT                             
UNDEFED   SHT$$INIT_ARRAY$$Base               
UNDEFED   SHT$$INIT_ARRAY$$Limit              
00003810  __TI_CINIT_Base                     
00003830  __TI_CINIT_Limit                    
000037e0  __TI_Handler_Table_Base             
000037ec  __TI_Handler_Table_Limit            
0000bac8  __TI_PINIT_Base                     
0000bacc  __TI_PINIT_Limit                    
0000ce3c  __TI_auto_init_nobinit_nopinit      
0000cd38  __TI_decompress_lzss                
0000cf20  __TI_decompress_none                
ffffffff  __TI_pprof_out_hndl                 
ffffffff  __TI_prof_data_size                 
ffffffff  __TI_prof_data_start                
00000000  __TI_static_base__                  
0000cf34  __TI_zero_init                      
0000cc88  __aeabi_memclr                      
0000cc88  __aeabi_memclr4                     
0000cc88  __aeabi_memclr8                     
0000c628  __aeabi_memcpy                      
0000c628  __aeabi_memcpy4                     
0000c628  __aeabi_memcpy8                     
0000cc8c  __aeabi_memset                      
0000cc8c  __aeabi_memset4                     
0000cc8c  __aeabi_memset8                     
ffffffff  __binit__                           
ffffffff  __c_args__                          
08001000  __start___llvm_prf_cnts             
08001000  __stop___llvm_prf_cnts              
0000cbb0  _c_int00                            
0000ba7c  _cacheDisable_                      
0000ba38  _cacheEnable_                       
0000ba18  _checkMemInitOn_                    
0000b924  _coreClearAuxiliaryDataFault_       
0000b938  _coreClearAuxiliaryInstructionFault_
0000b8fc  _coreClearDataFaultAddress_         
0000b8d4  _coreClearDataFault_                
0000b910  _coreClearInstructionFaultAddress_  
0000b8e8  _coreClearInstructionFault_         
0000b8ac  _coreDisableEventBusExport_         
0000b89c  _coreEnableEventBusExport_          
0000b8bc  _coreEnableIrqVicOffset_            
0000b884  _coreEnableVfp_                     
0000b91c  _coreGetAuxiliaryDataFault_         
0000b930  _coreGetAuxiliaryInstructionFault_  
0000b8f4  _coreGetDataFaultAddress_           
0000b8cc  _coreGetDataFault_                  
0000b908  _coreGetInstructionFaultAddress_    
0000b8e0  _coreGetInstructionFault_           
0000b70c  _coreInitRegisters_                 
0000b818  _coreInitStackPointer_              
0000baa0  _dCacheInvalidate_                  
0000b944  _disable_IRQ_interrupt_             
0000b94c  _enable_IRQ_interrupt_              
0000b954  _enable_interrupt_                  
0000ac24  _errata_SSWF021_45_both_plls        
0000ae18  _errata_SSWF021_45_pll1             
0000af90  _errata_SSWF021_45_pll2             
0000b95c  _esmCcmErrorsClear_                 
0000b864  _getCPSRValue_                      
0000b86c  _gotoCPUIdle_                       
0000bab4  _iCacheInvalidate_                  
0000b9e4  _memInit_                           
0000bde4  _mpuAreRegionsSeparate_             
0000bdc8  _mpuDisableBackgroundRegion_        
0000bda0  _mpuDisable_                        
0000bdb8  _mpuEnableBackgroundRegion_         
0000bd88  _mpuEnable_                         
0000bdd8  _mpuGetNumberOfRegions_             
0000be08  _mpuGetRegionBaseAddress_           
0000be28  _mpuGetRegionPermission_            
0000be1c  _mpuGetRegionType_                  
0000bdf8  _mpuGetRegion_                      
0000bad0  _mpuInit_                           
0000be00  _mpuSetRegionBaseAddress_           
0000be34  _mpuSetRegionSizeRegister_          
0000be10  _mpuSetRegionTypeAndPermission_     
0000bdf0  _mpuSetRegion_                      
UNDEFED   _system_post_cinit                  
0000cf44  abort                               
ffffffff  binit                               
000092d0  customTrimLPO                       
00009e98  dioConfigGetDIConfig                
0000a0bc  dioConfigGetDOConfig                
00009cb4  dioHandlerInit                      
00009ea0  dioHandlerInitInputPins             
0000a0c4  dioHandlerInitOutputPins            
0000ce00  dmaGroupANotification               
00001f00  eTaskConfirmSleepModeStatus         
00000888  eTaskGetState                       
0000ce28  epcCAMFullNotification              
0000ce2c  epcFIFOFullNotification             
0000a6a8  esmActivateNormalOperation          
0000a7f4  esmClearStatus                      
0000a858  esmClearStatusBuffer                
0000a834  esmClearStatusUpper                 
0000a654  esmDisableError                     
0000a67c  esmDisableErrorUpper                
0000a6fc  esmDisableInterrupt                 
0000a724  esmDisableInterruptUpper            
0000a610  esmEnableError                      
0000a638  esmEnableErrorUpper                 
0000a6b8  esmEnableInterrupt                  
0000a6e0  esmEnableInterruptUpper             
0000a988  esmEnterSelfTest                    
0000a5f4  esmError                            
0000aa60  esmGetConfigValue                   
0000a894  esmGetStatus                        
0000a960  esmGetStatusBuffer                  
0000a918  esmGetStatusUpper                   
0000cdc8  esmGroup1Notification               
0000cddc  esmGroup2Notification               
0000cdf0  esmGroup3Notification               
0000c7a8  esmHighInterrupt                    
0000a498  esmInit                             
0000aa10  esmSelfTestStatus                   
0000a874  esmSetCounterPreloadValue           
0000a740  esmSetInterruptLevel                
0000a7b4  esmSetInterruptLevelUpper           
0000a698  esmTriggerErrorPinReset             
00008d78  getResetSource                      
0000b4e8  gioDisableNotification              
0000b480  gioEnableNotification               
0000b3e8  gioGetBit                           
0000b550  gioGetConfigValue                   
0000b410  gioGetPort                          
0000b288  gioInit                             
0000ce14  gioNotification                     
0000b378  gioSetBit                           
0000b358  gioSetDirection                     
0000b3c8  gioSetPort                          
0000b428  gioToggleBit                        
0000cf4c  handlePLLLockFail                   
0000cea4  main                                
00008ba8  mapClocks                           
0000c628  memcpy                              
0000cc98  memset                              
00008020  muxInit                             
00001344  pcTaskGetName                       
00008af4  periphInit                          
0000cf50  phantomInterrupt                    
00003060  prvMpuDisable                       
00003048  prvMpuEnable                        
00003030  prvMpuSetRegion                     
00003464  pvPortMalloc                        
00001fe0  pvTaskGetThreadLocalStoragePointer  
080008d0  pxCurrentTCB                        
00003088  pxPortInitialiseStack               
00009d90  read_digital_input                  
00009e40  read_digital_inputs                 
00000000  resetEntry                          
00009cdc  set_digital_output                  
00008ab4  setupFlash                          
000089e0  setupPLL                            
0000cf00  strlen                              
00008ea0  systemGetConfigValue                
00008cd4  systemInit                          
00008d48  systemPowerDown                     
0000a2f8  toggle_output_pin                   
00008a40  trimLPO                             
08003010  ulCriticalNesting                   
00002f58  ulPortCountLeadingZeros             
08003014  ulTaskHasFPUContext                 
00002378  ulTaskNotifyTake                    
0000c59c  uxListRemove                        
00001338  uxTaskGetNumberOfTasks              
00002224  uxTaskGetStackHighWaterMark         
0000098c  uxTaskPriorityGet                   
000009d0  uxTaskPriorityGetFromISR            
0000233c  uxTaskResetEventItemValue           
0000c3f0  vListInitialise                     
0000c448  vListInitialiseItem                 
0000c4d8  vListInsert                         
0000c464  vListInsertEnd                      
00003430  vPortEndScheduler                   
000036b8  vPortFree                           
000037c8  vPortInitialiseBlocks               
00002f4c  vPortInitialiseFPSCR                
00002e4c  vPortPreemptiveTick                 
00002f60  vPortSWI                            
00002bdc  vPortStartFirstTask                 
0000319c  vPortStoreTaskMPUSettings           
00002d58  vPortYeildWithinAPI                 
00002c6c  vPortYieldProcessor                 
0000204c  vTaskAllocateMPURegions             
00000804  vTaskDelay                          
00000698  vTaskDelayUntil                     
00000530  vTaskDelete                         
00001074  vTaskEndScheduler                   
00001ef0  vTaskMissedYield                    
00002930  vTaskNotifyGiveFromISR              
00001ab8  vTaskPlaceOnEventList               
00001afc  vTaskPlaceOnUnorderedEventList      
00000a18  vTaskPrioritySet                    
00000e14  vTaskResume                         
00001f7c  vTaskSetThreadLocalStoragePointer   
00001d74  vTaskSetTimeOutState                
00000fdc  vTaskStartScheduler                 
00001658  vTaskStepTick                       
00000c10  vTaskSuspend                        
00001090  vTaskSuspendAll                     
000019d8  vTaskSwitchContext                  
0000944c  vimChannelMap                       
000096b8  vimDisableInterrupt                 
0000be3c  vimECCErrorHandler                  
000094f0  vimEnableInterrupt                  
00009764  vimGetConfigValue                   
00009378  vimInit                             
000037b0  xPortGetFreeHeapSize                
000037bc  xPortGetMinimumEverFreeHeapSize     
00003410  xPortStartScheduler                 
000016b4  xTaskAbortDelay                     
00001db8  xTaskCheckForTimeOut                
000000fc  xTaskCreate                         
00000020  xTaskCreateRestricted               
00002560  xTaskGenericNotify                  
00002730  xTaskGenericNotifyFromISR           
00001518  xTaskGetHandle                      
00001620  xTaskGetIdleTaskHandle              
000022ec  xTaskGetSchedulerState              
000012f8  xTaskGetTickCount                   
00001314  xTaskGetTickCountFromISR            
000017b0  xTaskIncrementTick                  
0000c9fc  xTaskNotifyStateClear               
0000244c  xTaskNotifyWait                     
00001b80  xTaskRemoveFromEventList            
00001c70  xTaskRemoveFromUnorderedEventList   
00001148  xTaskResumeAll                      
00000ef4  xTaskResumeFromISR                  


GLOBAL SYMBOLS: SORTED BY Symbol Address 

address   name                                
-------   ----                                
00000000  __TI_static_base__                  
00000000  resetEntry                          
00000020  xTaskCreateRestricted               
000000fc  xTaskCreate                         
00000530  vTaskDelete                         
00000698  vTaskDelayUntil                     
00000804  vTaskDelay                          
00000888  eTaskGetState                       
0000098c  uxTaskPriorityGet                   
000009d0  uxTaskPriorityGetFromISR            
00000a18  vTaskPrioritySet                    
00000c10  vTaskSuspend                        
00000e14  vTaskResume                         
00000ef4  xTaskResumeFromISR                  
00000fdc  vTaskStartScheduler                 
00001074  vTaskEndScheduler                   
00001090  vTaskSuspendAll                     
00001148  xTaskResumeAll                      
000012f8  xTaskGetTickCount                   
00001314  xTaskGetTickCountFromISR            
00001338  uxTaskGetNumberOfTasks              
00001344  pcTaskGetName                       
00001518  xTaskGetHandle                      
00001620  xTaskGetIdleTaskHandle              
00001658  vTaskStepTick                       
000016b4  xTaskAbortDelay                     
000017b0  xTaskIncrementTick                  
000019d8  vTaskSwitchContext                  
00001ab8  vTaskPlaceOnEventList               
00001afc  vTaskPlaceOnUnorderedEventList      
00001b80  xTaskRemoveFromEventList            
00001c70  xTaskRemoveFromUnorderedEventList   
00001d74  vTaskSetTimeOutState                
00001db8  xTaskCheckForTimeOut                
00001ef0  vTaskMissedYield                    
00001f00  eTaskConfirmSleepModeStatus         
00001f7c  vTaskSetThreadLocalStoragePointer   
00001fe0  pvTaskGetThreadLocalStoragePointer  
0000204c  vTaskAllocateMPURegions             
00002224  uxTaskGetStackHighWaterMark         
000022ec  xTaskGetSchedulerState              
0000233c  uxTaskResetEventItemValue           
00002378  ulTaskNotifyTake                    
0000244c  xTaskNotifyWait                     
00002560  xTaskGenericNotify                  
00002730  xTaskGenericNotifyFromISR           
00002930  vTaskNotifyGiveFromISR              
00002bdc  vPortStartFirstTask                 
00002c6c  vPortYieldProcessor                 
00002d58  vPortYeildWithinAPI                 
00002e4c  vPortPreemptiveTick                 
00002f4c  vPortInitialiseFPSCR                
00002f58  ulPortCountLeadingZeros             
00002f60  vPortSWI                            
00003030  prvMpuSetRegion                     
00003048  prvMpuEnable                        
00003060  prvMpuDisable                       
00003088  pxPortInitialiseStack               
0000319c  vPortStoreTaskMPUSettings           
00003410  xPortStartScheduler                 
00003430  vPortEndScheduler                   
00003464  pvPortMalloc                        
000036b8  vPortFree                           
000037b0  xPortGetFreeHeapSize                
000037bc  xPortGetMinimumEverFreeHeapSize     
000037c8  vPortInitialiseBlocks               
000037e0  __TI_Handler_Table_Base             
000037ec  __TI_Handler_Table_Limit            
00003810  __TI_CINIT_Base                     
00003830  __TI_CINIT_Limit                    
00008020  muxInit                             
000089e0  setupPLL                            
00008a40  trimLPO                             
00008ab4  setupFlash                          
00008af4  periphInit                          
00008ba8  mapClocks                           
00008cd4  systemInit                          
00008d48  systemPowerDown                     
00008d78  getResetSource                      
00008ea0  systemGetConfigValue                
000092d0  customTrimLPO                       
00009378  vimInit                             
0000944c  vimChannelMap                       
000094f0  vimEnableInterrupt                  
000096b8  vimDisableInterrupt                 
00009764  vimGetConfigValue                   
00009cb4  dioHandlerInit                      
00009cdc  set_digital_output                  
00009d90  read_digital_input                  
00009e40  read_digital_inputs                 
00009e98  dioConfigGetDIConfig                
00009ea0  dioHandlerInitInputPins             
0000a0bc  dioConfigGetDOConfig                
0000a0c4  dioHandlerInitOutputPins            
0000a2f8  toggle_output_pin                   
0000a498  esmInit                             
0000a5f4  esmError                            
0000a610  esmEnableError                      
0000a638  esmEnableErrorUpper                 
0000a654  esmDisableError                     
0000a67c  esmDisableErrorUpper                
0000a698  esmTriggerErrorPinReset             
0000a6a8  esmActivateNormalOperation          
0000a6b8  esmEnableInterrupt                  
0000a6e0  esmEnableInterruptUpper             
0000a6fc  esmDisableInterrupt                 
0000a724  esmDisableInterruptUpper            
0000a740  esmSetInterruptLevel                
0000a7b4  esmSetInterruptLevelUpper           
0000a7f4  esmClearStatus                      
0000a834  esmClearStatusUpper                 
0000a858  esmClearStatusBuffer                
0000a874  esmSetCounterPreloadValue           
0000a894  esmGetStatus                        
0000a918  esmGetStatusUpper                   
0000a960  esmGetStatusBuffer                  
0000a988  esmEnterSelfTest                    
0000aa10  esmSelfTestStatus                   
0000aa60  esmGetConfigValue                   
0000ac24  _errata_SSWF021_45_both_plls        
0000ae18  _errata_SSWF021_45_pll1             
0000af90  _errata_SSWF021_45_pll2             
0000b288  gioInit                             
0000b358  gioSetDirection                     
0000b378  gioSetBit                           
0000b3c8  gioSetPort                          
0000b3e8  gioGetBit                           
0000b410  gioGetPort                          
0000b428  gioToggleBit                        
0000b480  gioEnableNotification               
0000b4e8  gioDisableNotification              
0000b550  gioGetConfigValue                   
0000b70c  _coreInitRegisters_                 
0000b818  _coreInitStackPointer_              
0000b864  _getCPSRValue_                      
0000b86c  _gotoCPUIdle_                       
0000b884  _coreEnableVfp_                     
0000b89c  _coreEnableEventBusExport_          
0000b8ac  _coreDisableEventBusExport_         
0000b8bc  _coreEnableIrqVicOffset_            
0000b8cc  _coreGetDataFault_                  
0000b8d4  _coreClearDataFault_                
0000b8e0  _coreGetInstructionFault_           
0000b8e8  _coreClearInstructionFault_         
0000b8f4  _coreGetDataFaultAddress_           
0000b8fc  _coreClearDataFaultAddress_         
0000b908  _coreGetInstructionFaultAddress_    
0000b910  _coreClearInstructionFaultAddress_  
0000b91c  _coreGetAuxiliaryDataFault_         
0000b924  _coreClearAuxiliaryDataFault_       
0000b930  _coreGetAuxiliaryInstructionFault_  
0000b938  _coreClearAuxiliaryInstructionFault_
0000b944  _disable_IRQ_interrupt_             
0000b94c  _enable_IRQ_interrupt_              
0000b954  _enable_interrupt_                  
0000b95c  _esmCcmErrorsClear_                 
0000b9e4  _memInit_                           
0000ba18  _checkMemInitOn_                    
0000ba38  _cacheEnable_                       
0000ba7c  _cacheDisable_                      
0000baa0  _dCacheInvalidate_                  
0000bab4  _iCacheInvalidate_                  
0000bac8  __TI_PINIT_Base                     
0000bacc  __TI_PINIT_Limit                    
0000bad0  _mpuInit_                           
0000bd88  _mpuEnable_                         
0000bda0  _mpuDisable_                        
0000bdb8  _mpuEnableBackgroundRegion_         
0000bdc8  _mpuDisableBackgroundRegion_        
0000bdd8  _mpuGetNumberOfRegions_             
0000bde4  _mpuAreRegionsSeparate_             
0000bdf0  _mpuSetRegion_                      
0000bdf8  _mpuGetRegion_                      
0000be00  _mpuSetRegionBaseAddress_           
0000be08  _mpuGetRegionBaseAddress_           
0000be10  _mpuSetRegionTypeAndPermission_     
0000be1c  _mpuGetRegionType_                  
0000be28  _mpuGetRegionPermission_            
0000be34  _mpuSetRegionSizeRegister_          
0000be3c  vimECCErrorHandler                  
0000c3f0  vListInitialise                     
0000c448  vListInitialiseItem                 
0000c464  vListInsertEnd                      
0000c4d8  vListInsert                         
0000c59c  uxListRemove                        
0000c628  __aeabi_memcpy                      
0000c628  __aeabi_memcpy4                     
0000c628  __aeabi_memcpy8                     
0000c628  memcpy                              
0000c7a8  esmHighInterrupt                    
0000c9fc  xTaskNotifyStateClear               
0000cbb0  _c_int00                            
0000cc88  __aeabi_memclr                      
0000cc88  __aeabi_memclr4                     
0000cc88  __aeabi_memclr8                     
0000cc8c  __aeabi_memset                      
0000cc8c  __aeabi_memset4                     
0000cc8c  __aeabi_memset8                     
0000cc98  memset                              
0000cd38  __TI_decompress_lzss                
0000cdc8  esmGroup1Notification               
0000cddc  esmGroup2Notification               
0000cdf0  esmGroup3Notification               
0000ce00  dmaGroupANotification               
0000ce14  gioNotification                     
0000ce28  epcCAMFullNotification              
0000ce2c  epcFIFOFullNotification             
0000ce3c  __TI_auto_init_nobinit_nopinit      
0000cea4  main                                
0000cf00  strlen                              
0000cf20  __TI_decompress_none                
0000cf34  __TI_zero_init                      
0000cf44  C$$EXIT                             
0000cf44  abort                               
0000cf4c  handlePLLLockFail                   
0000cf50  phantomInterrupt                    
080008d0  pxCurrentTCB                        
08001000  __start___llvm_prf_cnts             
08001000  __stop___llvm_prf_cnts              
08003010  ulCriticalNesting                   
08003014  ulTaskHasFPUContext                 
ffffffff  __TI_pprof_out_hndl                 
ffffffff  __TI_prof_data_size                 
ffffffff  __TI_prof_data_start                
ffffffff  __binit__                           
ffffffff  __c_args__                          
ffffffff  binit                               
UNDEFED   SHT$$INIT_ARRAY$$Base               
UNDEFED   SHT$$INIT_ARRAY$$Limit              
UNDEFED   _system_post_cinit                  

[230 symbols]
